###############################################################################
#
# IAR ELF Linker V7.60.2.11341/W32 for ARM                31/May/2016  14:35:58
# Copyright 2007-2016 IAR Systems AB.
#
#    Output file  =  
#        F:\Engineering\Github\Tiva\Lesson 5 - Copy\Debug\Exe\Test.out
#    Map file     =  
#        F:\Engineering\Github\Tiva\Lesson 5 - Copy\Debug\List\Test.map
#    Command line =  
#        "F:\Engineering\Github\Tiva\Lesson 5 - Copy\Debug\Obj\main.o" -o
#        "F:\Engineering\Github\Tiva\Lesson 5 - Copy\Debug\Exe\Test.out"
#        --redirect _Printf=_PrintfFull --redirect _Scanf=_ScanfFull --map
#        "F:\Engineering\Github\Tiva\Lesson 5 - Copy\Debug\List\Test.map"
#        --config "C:\Program Files (x86)\IAR Systems\Embedded Workbench
#        7.4\arm\config\linker\TexasInstruments\LM4F120H5QR.icf" --semihosting
#        --entry __iar_program_start --vfe
#
###############################################################################

*******************************************************************************
*** RUNTIME MODEL ATTRIBUTES
***

CppFlavor       = *
__SystemLibrary = DLib


*******************************************************************************
*** PLACEMENT SUMMARY
***

"A1":  place at 0x00000000 { ro section .intvec };
"P1":  place in [from 0x00000000 to 0x0003ffff] { ro };
"P2":  place in [from 0x20000000 to 0x20007fff] { rw, block CSTACK, block HEAP };

  Section   Kind        Address   Size  Object
  -------   ----        -------   ----  ------
"A1":                             0x40
  .intvec   ro code  0x00000000   0x40  vector_table_M.o [5]
                   - 0x00000040   0x40

"P1":                             0xd4
  .text     ro code  0x00000040   0x60  main.o [1]
  .text     ro code  0x000000a0   0x22  fpinit_M.o [4]
  .text     ro code  0x000000c2    0x2  vector_table_M.o [5]
  .text     ro code  0x000000c4   0x1a  cmain.o [5]
  .text     ro code  0x000000de    0x4  low_level_init.o [3]
  .text     ro code  0x000000e2    0x4  exit.o [3]
  .text     ro code  0x000000e8    0xa  cexit.o [5]
  .text     ro code  0x000000f4   0x14  exit.o [6]
  .text     ro code  0x00000108    0xc  cstartup_M.o [5]
                   - 0x00000114   0xd4

"P2":                            0x800
  CSTACK             0x20000000  0x800  <Block>
    CSTACK  uninit   0x20000000  0x800  <Block tail>
                   - 0x20000800  0x800



*******************************************************************************
*** MODULE SUMMARY
***

    Module            ro code  rw data
    ------            -------  -------
F:\Engineering\Github\Tiva\Lesson 5 - Copy\Debug\Obj: [1]
    main.o                 96
    ----------------------------------
    Total:                 96

command line: [2]
    ----------------------------------
    Total:

dl7M_tln.a: [3]
    exit.o                  4
    low_level_init.o        4
    ----------------------------------
    Total:                  8

m7M_tls.a: [4]
    fpinit_M.o             34
    ----------------------------------
    Total:                 34

rt7M_tl.a: [5]
    cexit.o                10
    cmain.o                26
    cstartup_M.o           12
    vector_table_M.o       66
    ----------------------------------
    Total:                114

shb_l.a: [6]
    exit.o                 20
    ----------------------------------
    Total:                 20

    Gaps                    4
    Linker created               2 048
--------------------------------------
    Grand Total:          276    2 048


*******************************************************************************
*** ENTRY LIST
***

Entry                    Address  Size  Type      Object
-----                    -------  ----  ----      ------
?main                 0x000000c5        Code  Gb  cmain.o [5]
CSTACK$$Base          0x20000000         --   Gb  - Linker created -
CSTACK$$Limit         0x20000800         --   Gb  - Linker created -
Region$$Table$$Base   0x00000000         --   Gb  - Linker created -
Region$$Table$$Limit  0x00000000         --   Gb  - Linker created -
__cmain               0x000000c5        Code  Gb  cmain.o [5]
__exit                0x000000f5  0x14  Code  Gb  exit.o [6]
__iar_init_vfp        0x000000a1        Code  Gb  fpinit_M.o [4]
__iar_program_start   0x00000109        Code  Gb  cstartup_M.o [5]
__low_level_init      0x000000df   0x4  Code  Gb  low_level_init.o [3]
__vector_table        0x00000000        Data  Gb  vector_table_M.o [5]
_call_main            0x000000d1        Code  Gb  cmain.o [5]
_exit                 0x000000e9        Code  Gb  cexit.o [5]
_main                 0x000000db        Code  Gb  cmain.o [5]
exit                  0x000000e3   0x4  Code  Gb  exit.o [3]
main                  0x00000041  0x60  Code  Gb  main.o [1]


[1] = F:\Engineering\Github\Tiva\Lesson 5 - Copy\Debug\Obj
[2] = command line
[3] = dl7M_tln.a
[4] = m7M_tls.a
[5] = rt7M_tl.a
[6] = shb_l.a

    276 bytes of readonly  code memory
  2 048 bytes of readwrite data memory

Errors: none
Warnings: none
